2026-02-18 08:51:16,315 - WARNING - flask-compress not available - responses will not be compressed

================================================================================
🚀 MENTION MARKET TOOL - API SERVER
================================================================================

📁 Database path: /Users/alexandermiron/Downloads/mention-markets/data/transcripts.db
✅ Database found (46.7 MB)
✓ Database contains 0 transcripts

📍 Available Endpoints:
  GET  /api/health                      - Health check with DB info
  GET  /api/stats                       - Database statistics
  GET  /api/transcripts                 - All transcripts WITH full text (large)
  GET  /api/transcripts/metadata        - All transcripts WITHOUT full text (lightweight)
  GET  /api/transcripts/<id>            - Get specific transcript
  GET  /api/analysis/word-frequency     - Word frequency analysis
  POST /api/scraper/refresh             - Trigger scraper refresh
  GET  /api/scraper/status              - Get scraper status

🌐 Server starting on http://localhost:5001
   Frontend should connect to: http://localhost:5001/api/transcripts

================================================================================

  GET  /api/scraper/status - Check scraper status

Press Ctrl+C to stop
================================================================================

 * Serving Flask app 'api_server'
 * Debug mode: on
2026-02-18 08:51:16,545 - INFO - [31m[1mWARNING: This is a development server. Do not use it in a production deployment. Use a production WSGI server instead.[0m
 * Running on all addresses (0.0.0.0)
 * Running on http://127.0.0.1:5001
 * Running on http://192.168.1.36:5001
2026-02-18 08:51:16,545 - INFO - [33mPress CTRL+C to quit[0m
2026-02-18 08:51:23,396 - INFO - 127.0.0.1 - - [18/Feb/2026 08:51:23] "GET /admin HTTP/1.1" 200 -
2026-02-18 08:51:23,414 - INFO - 📦 Migrating: adding speech_types table...
2026-02-18 08:51:23,416 - INFO - ✅ speech_types table added
2026-02-18 08:51:23,418 - INFO - ⚠️ Database is empty - attempting to restore from backup...
2026-02-18 08:51:23,418 - INFO - ℹ️ No backup file found - starting with empty database
2026-02-18 08:51:23,421 - INFO - 127.0.0.1 - - [18/Feb/2026 08:51:23] "GET /api/speech-types HTTP/1.1" 200 -
2026-02-18 08:51:27,911 - INFO - ⚠️ Database is empty - attempting to restore from backup...
2026-02-18 08:51:27,911 - INFO - ℹ️ No backup file found - starting with empty database
2026-02-18 08:51:27,914 - INFO - 127.0.0.1 - - [18/Feb/2026 08:51:27] "GET /api/speech-types HTTP/1.1" 200 -
2026-02-18 08:51:29,115 - INFO - ⚠️ Database is empty - attempting to restore from backup...
2026-02-18 08:51:29,115 - INFO - ℹ️ No backup file found - starting with empty database
2026-02-18 08:51:29,117 - INFO - 127.0.0.1 - - [18/Feb/2026 08:51:29] "[35m[1mPOST /api/speech-types HTTP/1.1[0m" 201 -
2026-02-18 08:51:29,119 - INFO - ⚠️ Database is empty - attempting to restore from backup...
2026-02-18 08:51:29,119 - INFO - ℹ️ No backup file found - starting with empty database
2026-02-18 08:51:29,120 - INFO - 127.0.0.1 - - [18/Feb/2026 08:51:29] "GET /api/speech-types HTTP/1.1" 200 -
